Reinitialized existing Git repository in /root/simple_shell/.git/
root@862b102c0a03:~/simple_shell# git push -u origin/master
fatal: 'origin/master' does not appear to be a git repository
fatal: Could not read from remote repository.

Please make sure you have the correct access rights
and the repository exists.
root@862b102c0a03:~/simple_shell# git push -u origin
fatal: The current branch master has multiple upstream branches, refusing to push.
root@862b102c0a03:~/simple_shell# git merge
Already up to date.
root@862b102c0a03:~/simple_shell# git status
On branch master
Your branch is ahead of 'origin/main' by 1 commit.
  (use "git push" to publish your local commits)

nothing to commit, working tree clean
root@862b102c0a03:~/simple_shell# git log
commit ef86e832b3d3271334178e65bfeef39397a39ae8 (HEAD -> master)
Author: Kenneth Mpumelelo Mfokeng <mpumelelomofokengkenneth@gmail.com>
Date:   Tue Aug 24 12:51:36 2021 -0700

    Create man_1_simple_shell

commit 054cc81621905652cf498c0a80ae308deb9a88ea (origin/main)
Author: Kenneth Mpumelelo Mfokeng <mpumelelomofokengkenneth@gmail.com>
Date:   Tue Aug 24 09:51:57 2021 -0700

    Update the README.md

commit 2c9b0c6dc93ea40292d273ba8c5c57ababb8f88f
Author: Kenneth Mpumelelo Mfokeng <mpumelelomofokengkenneth@gmail.com>
Date:   Tue Aug 24 07:12:30 2021 -0700

    Create README.md for simple_shell
root@862b102c0a03:~/simple_shell# cat man_1_simple_shell
.TH hsh 1 "July 20, 2021" "1.0" "hsh General Commands Manual"

.SH NAME

.B simple_shell - hsh
- command line interpreter or shell


.SH SYNOPSIS

.B  ./hsh
.I (no options yet)



.SH DESCRIPTION

simple_shell is a command line interpreter, or shell, in the tradition of the first Unix shell written by Ken Thompson. This shell is intentionally minimalistic, yet includes the basic functionality of a traditional Unix-like command line interface. simple_shell is desgined to run on the linux environment.


.SH OVERVIEW

Reading from either the terminal or files, simple_shell interprets and executes commands.


.SH INVOCATION

Compile simple_shell with the GNU Compiler Collection, preferably using gcc plus the below specified flags, as per this example (note the use of the * wildcard which enables all related .c files to be compiled concurrently):
.P
.RS
.B $ gcc -Wall -Werror -Wextra -pedantic *.c -o hsh
.P
.RE
simple_shell can be run in interactive mode by entering the below command on the command line followd by "enter." Note that the prompt ('$') will appear and you will then be in interactive mode and able to enter commands followed by "enter." 
.P
.RS
.B $ ./hsh
.P
.RE
simple_shell can be run in non-interactive mode through the use of shell scripts. This can involve the use of piping ('|'):
.P
.RS
.B echo 'pwd' | ./hsh

.SH EXECUTABLES

Example of executables:
.IP
.br
.\&
.RS
\&$ echo "Example of executables"
.br
\&"Example of executables"
.br
\&$


.SH BUILTINS

The following builtin commands are supported:

.IT
.B env
- prints the environment variables

.B exit
- exits the program

.B setenv
- sets the environment

.B unsetenv
- removes elements from the environment

Example of builtin command:
.IP
.br
.\&
.RS
\&$ env
.br
\&TERM=xterm-256color
.br
\&SHELL=/bin/bash
.br
\&SSH_CLIENT=10.0.2.2 50046 22
.br
\&OLDPWD=/home/vagrant
.br
\&SSH_TTY=/dev/pts/0
.br
\&LC_ALL=en_US
.br
\&USER=vagrant
.br
\&MAIL=/var/mail/vagrant
.br
\&PATH=/usr/local/sbin:/usr/local/bin:/usr/sbin:/usr/bin:/sbin:/bin
.br
\&PWD=/home/vagrant/simple_shell
.br
\&LANG=en_US.UTF-8
.br
\&SHLVL=1
.br
\&HOME=/home/vagrant
.br
\&LOGNAME=vagrant
.br
\&SSH_CONNECTION=10.0.2.2 50046 10.0.2.15 22
.br
\&LESSOPEN=| /usr/bin/lesspipe %s
.br
\&LESSCLOSE=/usr/bin/lesspipe %s %s
br.
\&_=./hsh
.br
\&$


.SH BUGS
No known bugs at this writing (July 20, 2021).
Please report any issues to the authors.

.SH AUTHOR

Derrick Ampire <ampire90@gmail.com>
Kenneth Mofokeng <mpumelelomofokengkenneth@gmail.com>

.SH SEE ALSO
sh
